polyphonic_tunes.c:51:6:audio_synthesis	16	static
polyphonic_tunes.c:97:6:timer_output_handler	16	static
polyphonic_tunes.c:117:6:setup_synth_engine	24	static
polyphonic_tunes.c:123:6:setup_synth_custom_output_handler	16	static
polyphonic_tunes.c:127:6:setup_synth_pwm_output_handler	16	static
polyphonic_tunes.c:133:6:set_map_channel_voices	16	static
polyphonic_tunes.c:145:15:synthTick	4	static
polyphonic_tunes.c:155:15:voiceFree	16	static
polyphonic_tunes.c:168:6:setupVoice	24	static
polyphonic_tunes.c:181:6:setWave	16	static
polyphonic_tunes.c:197:6:setPitch	16	static
polyphonic_tunes.c:203:6:pause	16	static
polyphonic_tunes.c:212:6:setEnvelope	16	static
polyphonic_tunes.c:238:6:setLength	16	static
polyphonic_tunes.c:247:6:setMod	16	static
polyphonic_tunes.c:256:6:mTrigger	16	static
polyphonic_tunes.c:267:6:setFrequency	24	static
polyphonic_tunes.c:276:6:setTime	24	static
polyphonic_tunes.c:285:6:trigger	16	static
polyphonic_tunes.c:295:6:synth_suspend	4	static
polyphonic_tunes.c:299:6:synth_resume	4	static
