song_engine.c:22:9:update_note	56	static
song_engine.c:131:6:voice_update	40	static
song_engine.c:154:6:song_scheduler	24	static
song_engine.c:177:6:initialize_song_engine	40	static
song_engine.c:189:6:load_song	16	static
song_engine.c:198:6:clear_song	8	static
song_engine.c:202:6:set_pwm_output	16	static
song_engine.c:206:6:set_custom_output_handler	16	static
song_engine.c:210:6:play_song	8	static
song_engine.c:215:6:pause_song	8	static
song_engine.c:222:6:stop_song	16	static
song_engine.c:238:13:get_song_status	4	static
