../Drivers/STM32F4xx_HAL_Driver/Src/stm32f4xx_hal_pwr_ex.c:140:19:HAL_PWREx_EnableBkUpReg	16	static
../Drivers/STM32F4xx_HAL_Driver/Src/stm32f4xx_hal_pwr_ex.c:161:19:HAL_PWREx_DisableBkUpReg	16	static
../Drivers/STM32F4xx_HAL_Driver/Src/stm32f4xx_hal_pwr_ex.c:182:6:HAL_PWREx_EnableFlashPowerDown	4	static
../Drivers/STM32F4xx_HAL_Driver/Src/stm32f4xx_hal_pwr_ex.c:190:6:HAL_PWREx_DisableFlashPowerDown	4	static
../Drivers/STM32F4xx_HAL_Driver/Src/stm32f4xx_hal_pwr_ex.c:202:10:HAL_PWREx_GetVoltageRange	4	static
../Drivers/STM32F4xx_HAL_Driver/Src/stm32f4xx_hal_pwr_ex.c:278:19:HAL_PWREx_ControlVoltageScaling	32	static
../Drivers/STM32F4xx_HAL_Driver/Src/stm32f4xx_hal_pwr_ex.c:339:6:HAL_PWREx_EnableMainRegulatorLowVoltage	4	static
../Drivers/STM32F4xx_HAL_Driver/Src/stm32f4xx_hal_pwr_ex.c:349:6:HAL_PWREx_DisableMainRegulatorLowVoltage	4	static
../Drivers/STM32F4xx_HAL_Driver/Src/stm32f4xx_hal_pwr_ex.c:359:6:HAL_PWREx_EnableLowRegulatorLowVoltage	4	static
../Drivers/STM32F4xx_HAL_Driver/Src/stm32f4xx_hal_pwr_ex.c:369:6:HAL_PWREx_DisableLowRegulatorLowVoltage	4	static
