stm32f4xx_hal_dac.c:377:13:HAL_DAC_MspInit	0	static
stm32f4xx_hal_dac.c:271:19:HAL_DAC_Init	8	static
stm32f4xx_hal_dac.c:393:13:HAL_DAC_MspDeInit	0	static
stm32f4xx_hal_dac.c:332:19:HAL_DAC_DeInit	8	static
stm32f4xx_hal_dac.c:435:19:HAL_DAC_Start	12	static
stm32f4xx_hal_dac.c:490:19:HAL_DAC_Stop	8	static
stm32f4xx_hal_dac.c:522:19:HAL_DAC_Start_DMA	24	static
stm32f4xx_hal_dac.c:654:19:HAL_DAC_Stop_DMA	24	static
stm32f4xx_hal_dac.c:775:19:HAL_DAC_SetValue	16	static
stm32f4xx_hal_dac.c:809:13:HAL_DAC_ConvCpltCallbackCh1	0	static
stm32f4xx_hal_dac.c:1274:6:DAC_DMAConvCpltCh1	8	static
stm32f4xx_hal_dac.c:825:13:HAL_DAC_ConvHalfCpltCallbackCh1	0	static
stm32f4xx_hal_dac.c:1293:6:DAC_DMAHalfConvCpltCh1	8	static
stm32f4xx_hal_dac.c:841:13:HAL_DAC_ErrorCallbackCh1	0	static
stm32f4xx_hal_dac.c:1310:6:DAC_DMAErrorCh1	8	static
stm32f4xx_hal_dac.c:857:13:HAL_DAC_DMAUnderrunCallbackCh1	0	static
stm32f4xx_hal_dac.c:702:6:HAL_DAC_IRQHandler	8	static
stm32f4xx_hal_dac.c:896:10:HAL_DAC_GetValue	0	static
stm32f4xx_hal_dac.c:928:19:HAL_DAC_ConfigChannel	12	static
stm32f4xx_hal_dac.c:995:22:HAL_DAC_GetState	0	static
stm32f4xx_hal_dac.c:1008:10:HAL_DAC_GetError	0	static
