../Drivers/CMSIS/Include/core_cm4.h:2002:27:ITM_SendChar	16	static,ignoring_inline_asm
../Core/Src/main.c:87:5:_write	32	static
../Core/Src/main.c:114:5:main	144	static
../Core/Src/main.c:208:6:SystemClock_Config	88	static
../Core/Src/main.c:256:13:MX_I2C1_Init	8	static
../Core/Src/main.c:290:13:MX_TIM1_Init	32	static
../Core/Src/main.c:336:13:MX_USART3_UART_Init	8	static
../Core/Src/main.c:369:13:MX_GPIO_Init	48	static
../Core/Src/main.c:408:6:StartDefaultTask	16	static
../Core/Src/main.c:429:6:USSTask_init	24	static,ignoring_inline_asm
../Core/Src/main.c:462:6:WFSTask_init	32	static
../Core/Src/main.c:486:6:CommTask_init	64	static
../Core/Src/main.c:508:6:HAL_TIM_PeriodElapsedCallback	16	static
../Core/Src/main.c:525:6:Error_Handler	4	static,ignoring_inline_asm
