../Core/Inc/I2CDev.h:36:8:readBit	32	static
../Core/Inc/I2CDev.h:43:8:readBits	32	static
../Core/Inc/I2CDev.h:59:8:readByte	32	static
../Core/Inc/I2CDev.h:63:8:readBytes	40	static
../Core/Inc/I2CDev.h:69:8:readWord	40	static
../Core/Inc/I2CDev.h:77:8:read32Bits	48	static
../Core/Inc/I2CDev.h:88:6:writeBit	32	static
../Core/Inc/I2CDev.h:95:6:writeBits	32	static
../Core/Inc/I2CDev.h:116:6:writeByte	24	static
../Core/Inc/I2CDev.h:120:6:writeBytes	40	static
../Core/Inc/I2CDev.h:125:6:writeWord	32	static
../Core/Inc/I2CDev.h:132:6:write32Bits	40	static
../Core/Src/VL53L0X.c:19:6:setup_VL53L0X	16	static
../Core/Src/VL53L0X.c:25:6:setAddress	16	static
../Core/Src/VL53L0X.c:31:9:getAddress	16	static
../Core/Src/VL53L0X.c:36:9:getWhoAmI	16	static
../Core/Src/VL53L0X.c:49:6:init	40	static
../Core/Src/VL53L0X.c:274:6:writeReg	16	static
../Core/Src/VL53L0X.c:281:6:writeReg16Bit	16	static
../Core/Src/VL53L0X.c:288:6:writeReg32Bit	24	static
../Core/Src/VL53L0X.c:295:9:readReg	32	static
../Core/Src/VL53L0X.c:305:10:readReg16Bit	32	static
../Core/Src/VL53L0X.c:315:10:readReg32Bit	32	static
../Core/Src/VL53L0X.c:325:6:writeMulti	32	static
../Core/Src/VL53L0X.c:333:6:readMulti	32	static
../Core/Src/VL53L0X.c:347:6:setSignalRateLimit	16	static
../Core/Src/VL53L0X.c:357:7:getSignalRateLimit	16	static
../Core/Src/VL53L0X.c:369:6:setMeasurementTimingBudget	80	static
../Core/Src/VL53L0X.c:458:10:getMeasurementTimingBudget	64	static
../Core/Src/VL53L0X.c:512:6:setVcselPulsePeriod	56	static
../Core/Src/VL53L0X.c:689:9:getVcselPulsePeriod	16	static
../Core/Src/VL53L0X.c:708:6:startContinuous	24	static
../Core/Src/VL53L0X.c:747:6:stopContinuous	16	static
../Core/Src/VL53L0X.c:761:10:readRangeContinuousMillimeters	24	static
../Core/Src/VL53L0X.c:785:10:readRangeSingleMillimeters	16	static
../Core/Src/VL53L0X.c:811:6:setTimeout	16	static
../Core/Src/VL53L0X.c:816:10:getTimeout	16	static
../Core/Src/VL53L0X.c:823:6:timeoutOccurred	24	static
../Core/Src/VL53L0X.c:835:6:getSpadInfo	32	static
../Core/Src/VL53L0X.c:877:6:getSequenceStepEnables	24	static
../Core/Src/VL53L0X.c:892:6:getSequenceStepTimeouts	24	static
../Core/Src/VL53L0X.c:926:10:decodeTimeout	16	static
../Core/Src/VL53L0X.c:937:10:encodeTimeout	24	static
../Core/Src/VL53L0X.c:961:10:timeoutMclksToMicroseconds	24	static
../Core/Src/VL53L0X.c:970:10:timeoutMicrosecondsToMclks	24	static
../Core/Src/VL53L0X.c:979:6:performSingleRefCalibration	16	static
../Core/Src/VL53L0X.c:999:6:startTimeout	16	static
../Core/Src/VL53L0X.c:1005:6:checkTimeoutExpired	16	static
../Core/Src/VL53L0X.c:1020:9:decodeVcselPeriod	16	static
../Core/Src/VL53L0X.c:1027:9:encodeVcselPeriod	16	static
../Core/Src/VL53L0X.c:1035:10:calcMacroPeriod	16	static
