song_engine.c:23:9:update_note	72	static
song_engine.c:131:6:voice_update	32	static
song_engine.c:153:6:song_scheduler	24	static
song_engine.c:176:6:initialize_song_engine	24	static
song_engine.c:188:6:load_song	8	static
song_engine.c:198:6:clear_song	0	static
song_engine.c:202:6:set_pwm_output	0	static
song_engine.c:206:6:set_custom_output_handler	0	static
song_engine.c:210:6:play_song	8	static
song_engine.c:218:6:pause_song	8	static
song_engine.c:225:6:stop_song	8	static
song_engine.c:242:13:get_song_status	0	static
