../Core/Src/main.c:100:5:main	8	static
../Core/Src/main.c:186:6:SystemClock_Config	88	static
../Core/Src/main.c:228:13:MX_USART2_UART_Init	8	static
../Core/Src/main.c:263:13:MX_USART3_UART_Init	8	static
../Core/Src/main.c:298:13:MX_GPIO_Init	16	static
../Core/Src/main.c:318:6:StartDefaultTask	16	static
../Core/Src/main.c:336:6:instEndPointImpl	48	static
../Core/Src/main.c:349:6:MPU_Config	24	static
../Core/Src/main.c:384:6:HAL_TIM_PeriodElapsedCallback	16	static
../Core/Src/main.c:401:6:Error_Handler	4	static,ignoring_inline_asm
