../Drivers/STM32F7xx_HAL_Driver/Src/stm32f7xx_hal_rtc.c:254:19:HAL_RTC_Init	24	static
../Drivers/STM32F7xx_HAL_Driver/Src/stm32f7xx_hal_rtc.c:367:19:HAL_RTC_DeInit	24	static
../Drivers/STM32F7xx_HAL_Driver/Src/stm32f7xx_hal_rtc.c:651:13:HAL_RTC_MspInit	16	static
../Drivers/STM32F7xx_HAL_Driver/Src/stm32f7xx_hal_rtc.c:667:13:HAL_RTC_MspDeInit	16	static
../Drivers/STM32F7xx_HAL_Driver/Src/stm32f7xx_hal_rtc.c:708:19:HAL_RTC_SetTime	40	static
../Drivers/STM32F7xx_HAL_Driver/Src/stm32f7xx_hal_rtc.c:822:19:HAL_RTC_GetTime	32	static
../Drivers/STM32F7xx_HAL_Driver/Src/stm32f7xx_hal_rtc.c:867:19:HAL_RTC_SetDate	40	static
../Drivers/STM32F7xx_HAL_Driver/Src/stm32f7xx_hal_rtc.c:956:19:HAL_RTC_GetDate	32	static
../Drivers/STM32F7xx_HAL_Driver/Src/stm32f7xx_hal_rtc.c:1014:19:HAL_RTC_SetAlarm	48	static
../Drivers/STM32F7xx_HAL_Driver/Src/stm32f7xx_hal_rtc.c:1211:19:HAL_RTC_SetAlarm_IT	48	static
../Drivers/STM32F7xx_HAL_Driver/Src/stm32f7xx_hal_rtc.c:1403:19:HAL_RTC_DeactivateAlarm	24	static
../Drivers/STM32F7xx_HAL_Driver/Src/stm32f7xx_hal_rtc.c:1501:19:HAL_RTC_GetAlarm	32	static
../Drivers/STM32F7xx_HAL_Driver/Src/stm32f7xx_hal_rtc.c:1552:6:HAL_RTC_AlarmIRQHandler	16	static
../Drivers/STM32F7xx_HAL_Driver/Src/stm32f7xx_hal_rtc.c:1603:13:HAL_RTC_AlarmAEventCallback	16	static
../Drivers/STM32F7xx_HAL_Driver/Src/stm32f7xx_hal_rtc.c:1620:19:HAL_RTC_PollForAlarmAEvent	24	static
../Drivers/STM32F7xx_HAL_Driver/Src/stm32f7xx_hal_rtc.c:1684:19:HAL_RTC_WaitForSynchro	24	static
../Drivers/STM32F7xx_HAL_Driver/Src/stm32f7xx_hal_rtc.c:1713:6:HAL_RTC_DST_Add1Hour	16	static
../Drivers/STM32F7xx_HAL_Driver/Src/stm32f7xx_hal_rtc.c:1727:6:HAL_RTC_DST_Sub1Hour	16	static
../Drivers/STM32F7xx_HAL_Driver/Src/stm32f7xx_hal_rtc.c:1741:6:HAL_RTC_DST_SetStoreOperation	16	static
../Drivers/STM32F7xx_HAL_Driver/Src/stm32f7xx_hal_rtc.c:1754:6:HAL_RTC_DST_ClearStoreOperation	16	static
../Drivers/STM32F7xx_HAL_Driver/Src/stm32f7xx_hal_rtc.c:1766:10:HAL_RTC_DST_ReadStoreOperation	16	static
../Drivers/STM32F7xx_HAL_Driver/Src/stm32f7xx_hal_rtc.c:1795:21:HAL_RTC_GetState	16	static
../Drivers/STM32F7xx_HAL_Driver/Src/stm32f7xx_hal_rtc.c:1821:19:RTC_EnterInitMode	24	static
../Drivers/STM32F7xx_HAL_Driver/Src/stm32f7xx_hal_rtc.c:1856:19:RTC_ExitInitMode	24	static
../Drivers/STM32F7xx_HAL_Driver/Src/stm32f7xx_hal_rtc.c:1882:9:RTC_ByteToBcd2	24	static
../Drivers/STM32F7xx_HAL_Driver/Src/stm32f7xx_hal_rtc.c:1900:9:RTC_Bcd2ToByte	24	static
