../Core/Src/main.c:91:5:main	72	static
../Core/Src/main.c:176:6:SystemClock_Config	88	static
../Core/Src/main.c:218:13:MX_ADC1_Init	24	static
../Core/Src/main.c:270:13:MX_UART5_Init	8	static
../Core/Src/main.c:303:13:MX_USART3_UART_Init	8	static
../Core/Src/main.c:336:13:MX_GPIO_Init	24	static
../Core/Src/main.c:359:6:UploadTaskHook	80	static
../Core/Src/main.c:390:6:ReadingTaskHook	104	static
../Core/Src/main.c:466:6:sending_function	40	static
../Core/Src/main.c:507:6:HAL_TIM_PeriodElapsedCallback	16	static
../Core/Src/main.c:524:6:Error_Handler	4	static,ignoring_inline_asm
