../Core/Src/main.c:90:5:main	72	static
../Core/Src/main.c:175:6:SystemClock_Config	88	static
../Core/Src/main.c:217:13:MX_ADC1_Init	24	static
../Core/Src/main.c:269:13:MX_UART5_Init	8	static
../Core/Src/main.c:302:13:MX_USART3_UART_Init	8	static
../Core/Src/main.c:335:13:MX_GPIO_Init	24	static
../Core/Src/main.c:358:6:UploadTaskHook	80	static
../Core/Src/main.c:387:6:ReadingTaskHook	104	static
../Core/Src/main.c:468:6:sending_function	80	static
../Core/Src/main.c:513:6:HAL_TIM_PeriodElapsedCallback	16	static
../Core/Src/main.c:530:6:Error_Handler	4	static,ignoring_inline_asm
