../Core/Src/main.c:108:5:main	72	static
../Core/Src/main.c:188:6:SystemClock_Config	88	static
../Core/Src/main.c:230:13:MX_USART3_UART_Init	8	static
../Core/Src/main.c:261:13:MX_DMA_Init	16	static
../Core/Src/main.c:279:13:MX_GPIO_Init	16	static
../Core/Src/main.c:290:6:HAL_UARTEx_RxEventCallback	24	static
../Core/Src/main.c:337:6:poll	24	static
../Core/Src/main.c:384:6:StartDefaultTask	16	static
../Core/Src/main.c:402:6:consumerTaskHook	32	static
../Core/Src/main.c:427:6:HAL_TIM_PeriodElapsedCallback	16	static
../Core/Src/main.c:444:6:Error_Handler	4	static,ignoring_inline_asm
